// Jest Snapshot v1, https://goo.gl/fbAQLP

exports[`REDUX THUNK TESTER async-thunk snapshot 1`] = `
Array [
  Object {
    "type": "GET_USERS_PENDING",
  },
]
`;
